// Jest Snapshot v1, https://goo.gl/fbAQLP

exports[`it matches snapshot 1`] = `
<DocumentFragment>
  <div
    style="background-color: blue; width: 30px; height: 50px;"
  >
    <button>
      X
    </button>
  </div>
</DocumentFragment>
`;
