// Jest Snapshot v1, https://goo.gl/fbAQLP

exports[`it matches snapshot 1`] = `
<DocumentFragment>
  <form>
    <label
      for="color"
    >
      Background Color:
    </label>
    <input
      id="color"
      name="color"
      type="text"
      value=""
    />
    <label
      for="width"
    >
      Width:
    </label>
    <input
      id="width"
      name="width"
      type="text"
      value=""
    />
    <label
      for="height"
    >
      Height:
    </label>
    <input
      id="height"
      name="height"
      type="text"
      value=""
    />
    <button>
      Add!
    </button>
  </form>
</DocumentFragment>
`;
